cargo : warning: fields 
`byte_start` and 
`byte_end` are never read
At line:1 char:1
+ cargo build 2> d:\LINK_TO
OL\build_errors.txt; 
Get-Content d:\LINK_TOO ...
+ ~~~~~~~~~~~~~~~~~~~~~~~~~
~~~~~~~~~~~~~~~~~~~
    + CategoryInfo         
     : NotSpecified: (war  
  ning: fields... are ne   
 ver read:String) [], R    
emoteException
    + FullyQualifiedErrorI 
   d : NativeCommandError
 
  --> src\db.rs:56:9
   |
49 | pub struct Symbol {
   |            ------ 
fields in this struct
...
56 |     pub byte_start: 
u32,
   |         ^^^^^^^^^^
57 |     pub byte_end: u32,
   |         ^^^^^^^^
   |
   = note: `Symbol` has 
derived impls for the 
traits `Clone` and 
`Debug`, but these are 
intentionally ignored 
during dead code analysis
   = note: 
`#[warn(dead_code)]` (part 
of `#[warn(unused)]`) on 
by default

warning: field `id` is 
never read
  --> src\db.rs:62:9
   |
61 | pub struct Edge {
   |            ---- field 
in this struct
62 |     pub id: i64,
   |         ^^
   |
   = note: `Edge` has 
derived impls for the 
traits `Clone` and 
`Debug`, but these are 
intentionally ignored 
during dead code analysis

warning: methods 
`get_meta`, 
`symbol_count`, 
`file_count`, and 
`all_edges` are never used
   --> src\db.rs:122:12
    |
 68 | impl Db {
    | ------- methods in 
this implementation
...
122 |     pub fn 
get_meta(&self, key: &str) 
-> Result<Option<String>> {
    |            ^^^^^^^^
...
230 |     pub fn 
symbol_count(&self) -> 
Result<i64> {
    |            
^^^^^^^^^^^^
...
238 |     pub fn 
file_count(&self) -> 
Result<i64> {
    |            ^^^^^^^^^^
...
251 |     pub fn 
all_edges(&self) -> 
Result<Vec<Edge>> {
    |            ^^^^^^^^^

warning: `link` (bin 
"link") generated 3 
warnings
    Finished `dev` profile 
[unoptimized + debuginfo] 
target(s) in 0.09s
